<!DOCTYPE html>
<html lang="en">
<head>
    <meta charset="UTF-8">
    <meta name="viewport" content="width=device-width, initial-scale=1.0">
    <title>index</title>
</head>
<body>
    <header>

    </header>
    <main>
    <section>
    <h1>
        Services
    </h1>
    <ul>
        <li>
            <img src="" alt="">
            <h3>
                
            </h3>
            <p>
                
            </p>
        </li>
        <li>
            <img src="" alt="">
            <h3>

            </h3>
            <p>

            </p>
        </li>
        <li>
            <img src="" alt="">
            <h3>

            </h3>
            <p>
                
            </p>
        </li>
    </ul>
    </section>
    <form action="">

    </form>
    </main>
    <footer>
        <!--empty -->
    </footer>
</body>
</html>